
 DISPLAY

 Start     Length     Name                   Class
 0001:0000 00F1DH     _TEXT                  CODE
 0002:0000 012F0H     _INIT                  CODE
 0003:0000 00599H     _DATA                  DATA

 Origin   Group
 0003:0   DGROUP

 Address   Export                  Alias

 0001:05E9 BitBlt                  BitBlt
 0001:00AE BitmapBits              BitmapBits
 0001:04DA CheckCursor             CheckCursor
 0001:0000 ColorInfo               ColorInfo
 0001:00DC Control                 Control
 0001:0022 CreateDIBitmap          CreateDIBitmap
 0001:00C7 DeviceBitmap            DeviceBitmap
 0001:00C2 DeviceMode              DeviceMode
 0001:000A DibBlt                  DibBlt
 0001:001D DibToDevice             DibToDevice
 0002:0000 Disable                 Disable
 0002:1010 Enable                  Enable
 0001:0027 EnumDFonts              EnumDFonts
 0001:002C EnumObj                 EnumObj
 0001:0C7F ExtTextOut              ExtTextOut
 0001:00D6 FastBorder              FastBorder
 0001:0005 GetCharWidth            GetCharWidth
 0001:0C4C GetDriverResourceID     GetDriverResourceID
 0001:0068 GetPalette              GetPalette
 0001:0054 GetPaletteTranslate     GetPaletteTranslate
 0001:05D1 Inquire                 Inquire
 0001:04FB MoveCursor              MoveCursor
 0001:00D1 Output                  Output
 0001:0090 Pixel                   Pixel
 0001:0095 RealizeObject           RealizeObject
 0002:0F7E ReEnable                ReEnable
 0001:026A SaveScreenBitmap        SaveScreenBitmap
 0001:00B3 ScanLR                  ScanLR
 0001:00A9 SelectBitmap            SelectBitmap
 0001:00CC SetAttribute            SetAttribute
 0001:0280 SetCursor               SetCursor
 0001:0C02 SetPalette              SetPalette
 0001:0040 SetPaletteTranslate     SetPaletteTranslate
 0001:0C74 StrBlt                  StrBlt
 0001:00B8 StretchBlt              StretchBlt
 0001:00BD StretchDIBits           StretchDIBits
 0001:007C UpdateColors            UpdateColors
 0001:0176 UserRepaintDisable      UserRepaintDisable
 0002:0857 ValidateMode            ValidateMode

  Address         Publics by Name

 0003:0586       AGXChipID
 0000:0000  Imp  AllocCSToDSAlias     (KERNEL.170)
 0000:0000  Imp  AllocDSToCSAlias     (KERNEL.171)
 0000:0000  Imp  AllocSelector        (KERNEL.175)
 0001:0E96       BeginAccess
 0001:05E9       BitBlt
 0001:0603       BitBltHW
 0001:00AE       BitmapBits
 0001:0608       BltSpecial_XGA
 0003:001A       bReEnable
 0001:08A4       BrushBlt
 0001:0734       BSXCallDIBEngine
 0001:0719       BSXDoBrushBlt
 0001:069A       BSXDoDSBlt
 0001:0764       BSXDone
 0001:06C4       BSXTryBrushBlts
 0001:0742       BSXUnexcludeCursor
 0003:0148       CachePatD
 0003:0146       CachePatM
 0001:04DA       CheckCursor
 0003:055C       ColorFormatMask
 0001:0000       ColorInfo
 0001:00DC       Control
 0001:0022       CreateDIBitmap
 0003:057A       CRTCRegisterBase
 0003:0144       CursorDefinedFlag
 0003:0038       CursorShapeSave
 0003:0552       CursorStartAddr
 0003:0034       CursorXPos
 0003:0036       CursorYPos
 0001:010F       C_CallDibControl
 0001:0123       C_Exit
 0001:012F       C_GetColorTable
 0001:0155       C_MouseTrails
 0001:00C7       DeviceBitmap
 0003:0562       DeviceFlags
 0001:00C2       DeviceMode
 0001:020F       DevToBackground
 0001:01DF       DevToForeground
 0003:0598       DIBAccessCallFlag
 0001:000A       DibBlt
 0001:001D       DibToDevice
 0000:0000  Imp  DIB_BeginAccess      (DIBENG.105)
 0000:0000  Imp  DIB_BitBlt           (DIBENG.1)
 0000:0000  Imp  DIB_BitmapBits       (DIBENG.30)
 0000:0000  Imp  DIB_CheckCursorExt   (DIBENG.104)
 0000:0000  Imp  DIB_ColorInfo        (DIBENG.2)
 0000:0000  Imp  DIB_Control          (DIBENG.3)
 0000:0000  Imp  DIB_CreateDIBitmap   (DIBENG.20)
 0000:0000  Imp  DIB_DeviceBitmap     (DIBENG.16)
 0000:0000  Imp  DIB_DeviceMode       (DIBENG.13)
 0000:0000  Imp  DIB_DibBltExt        (DIBENG.401)
 0000:0000  Imp  DIB_DibToDevice      (DIBENG.21)
 0000:0000  Imp  DIB_Enable           (DIBENG.5)
 0000:0000  Imp  DIB_EndAccess        (DIBENG.106)
 0000:0000  Imp  DIB_EnumDFonts       (DIBENG.6)
 0000:0000  Imp  DIB_EnumObjExt       (DIBENG.402)
 0000:0000  Imp  DIB_ExtTextOut       (DIBENG.14)
 0000:0000  Imp  DIB_ExtTextOutExt    (DIBENG.403)
 0000:0000  Imp  DIB_FastBorder       (DIBENG.17)
 0000:0000  Imp  DIB_GetCharWidth     (DIBENG.15)
 0000:0000  Imp  DIB_GetPaletteExt    (DIBENG.406)
 0000:0000  Imp  DIB_GetPaletteTranslate (DIBENG.25)
 0000:0000  Imp  DIB_GetPaletteTranslateExt (DIBENG.408)
 0000:0000  Imp  DIB_Inquire          (DIBENG.101)
 0000:0000  Imp  DIB_MoveCursorExt    (DIBENG.103)
 0000:0000  Imp  DIB_Output           (DIBENG.8)
 0000:0000  Imp  DIB_Pixel            (DIBENG.9)
 0000:0000  Imp  DIB_RealizeObjectExt (DIBENG.400)
 0000:0000  Imp  DIB_ScanLR           (DIBENG.12)
 0000:0000  Imp  DIB_SelectBitmap     (DIBENG.29)
 0000:0000  Imp  DIB_SetAttribute     (DIBENG.18)
 0000:0000  Imp  DIB_SetCursorExt     (DIBENG.102)
 0000:0000  Imp  DIB_SetPaletteExt    (DIBENG.405)
 0000:0000  Imp  DIB_SetPaletteTranslate (DIBENG.24)
 0000:0000  Imp  DIB_SetPaletteTranslateExt (DIBENG.407)
 0000:0000  Imp  DIB_StretchBlt       (DIBENG.27)
 0000:0000  Imp  DIB_StretchDIBits    (DIBENG.28)
 0000:0000  Imp  DIB_UpdateColorsExt  (DIBENG.404)
 0002:0000       Disable
 0001:0227       DisableSwitching
 0001:0E27       DrawORect
 0001:0D00       DrawTextBitmap
 0002:0157       DriverInit
 0001:0D9A       DTBCoordinateCalcs
 0001:0D47       DTBCopyAGXMonoImage
 0001:0D7C       DTBCopyXGAMonoImage
 0001:0E06       DTBSendCommand
 0001:0DE1       DTBSetColours
 0001:01E6       DTF_CallSetMode
 0001:01DF       DTF_EnableDriver
 0001:020E       DTF_Exit
 0001:01F4       DTF_RepaintScreen
 0003:0564       dwVideoMemorySize
 0002:1010       Enable
 0001:0232       EnableSwitching
 0001:0EEB       EndAccess
 0001:0027       EnumDFonts
 0001:002C       EnumObj
 0001:0CFB       ETO_CallExtTextOut
 0001:0CDC       ETO_SetupForDTB
 0001:0C7F       ExtTextOut
 0002:12B6       E_BPPGreaterThan8
 0002:1212       E_BPPIs8
 0002:127E       E_BPPLessThan8
 0002:1161       E_CopyColorTable
 0002:12EC       E_ErrorExit
 0002:12E0       E_Exit
 0002:11A2       E_GetGDIInfo
 0002:1192       E_Install2FHandler
 0001:00D6       FastBorder
 0002:0661       FindMode
 0003:002E       fInkAvailable
 0002:077C       FM1024x768
 0002:07EC       FM1280x1024
 0002:07FA       FM1280x1024x4
 0002:0827       FM1280x960x8
 0002:0685       FM640x480
 0002:06C2       FM640x480x16
 0002:0702       FM800x600
 0002:0854       FMErrorExit
 0000:0000  Imp  FreeSelector         (KERNEL.176)
 0001:0005       GetCharWidth
 0003:0011       GetColorAddr
 0001:0C4C       GetDriverResourceID
 0001:0251       GetLPDevice
 0000:0000  Imp  GetModuleHandle      (KERNEL.47)
 0001:0068       GetPalette
 0001:0054       GetPaletteTranslate
 0000:0000  Imp  GetPrivateProfileInt (KERNEL.127)
 0000:0000  Imp  GetProcAddress       (KERNEL.50)
 0002:0193       GetScreenSettings
 0000:0000  Imp  GlobalSmartPageLock  (KERNEL.230)
 0002:026A       GSS_ValidateBpp
 0001:09CD       HBBrushBLTLoop
 0001:08E9       HBColorPattern
 0001:0909       HBCopyColourBrushLoop
 0001:0A95       HBCopyMonoBrush
 0001:0A1B       HBDoneWithColourBrush
 0001:0B42       HBExit
 0001:0A77       HBMonoPattern
 0001:0AF1       HBPBSetColors
 0001:0B07       HBPBSetCoordinates
 0001:0AE2       HBPBSetMono
 0001:0AC9       HBPerformMonoBrushBLT
 0001:09B5       HBSetupBrushBLTLoop
 0001:0A21       HBSolid
 0001:097B       HBTileBrushLoop
 0002:004A       HookInt2Fh
 0001:023E       InkReady
 0001:05D1       Inquire
 0000:0000  Imp  KernelsScreenSel     (KERNEL.174)
 0003:058C       lpColorTable
 0003:002F       lpDeviceForPenWindows
 0003:0588       lpDriverPDevice
 0003:002A       lpfnUpdateInking
 0003:014A       LRCached
 0001:0546       MCMoveAGXCursor
 0001:0535       MCMoveHardwareCursor
 0001:058C       MCMoveXGACursor
 0003:0585       MemAccessColorValue
 0003:0578       MemAccessReg
 0003:0145       MouseTrailsFlag
 0001:04FB       MoveCursor
 0003:0572       NbrLinesOffScreen
 0003:054C       OffScreenStartAddr
 0003:0574       OffScreenStartLine
 0003:0027       OurVMHandle
 0001:00D1       Output
 0002:0436       PECheckForAGX14
 0002:065C       PEFail
 0002:03D6       PEFindMode
 0002:03A6       PEGetMemSize
 0002:0471       PEHookUpWithVDD
 0002:04C2       PELocateOffScreenMemory
 0002:0468       PESetMode
 0002:03F4       PESetupHeightVariables
 0002:0405       PESetupHiResMode
 0002:0558       PESetupXGACoprocessor
 0001:07E1       PFB_ChkNullBlt
 0001:081E       PFB_CursorExcludeDoIt
 0001:081A       PFB_CursorExcludeNoUnion
 0001:0814       PFB_CursorExcludeUnion
 0001:080E       PFB_CursorExcludeY
 0001:07E9       PFB_CursorExclusion
 0001:0837       PFB_Done
 0001:07D2       PFB_InputClipBtmEdge
 0001:07AC       PFB_InputClipRightEdge
 0001:07B6       PFB_InputClipSaveXExt
 0001:07DE       PFB_InputClipSaveYExt
 0001:0796       PFB_InputClipX
 0001:07B9       PFB_InputClipY
 0001:07DC       PFB_NullBlt
 0002:0311       PhysicalEnable
 0002:030D       PhysicalEnableFar
 0001:0090       Pixel
 0001:0770       PrepareForBlt
 0000:0000  Imp  PrestoChangoSelector (KERNEL.177)
 0001:0095       RealizeObject
 0002:0F7E       ReEnable
 0003:0008       RepaintAddr
 0001:0B44       ResetHiResMode
 0002:00D0       RestoreInt2Fh
 0002:0FD2       RE_Exit
 0002:0FE3       RE_Fail
 0001:0B83       RHR_CallVDD
 0001:026A       SaveScreenBitmap
 0001:00B3       ScanLR
 0001:02FC       SCCallDIBEngine
 0001:0376       SCClearSpriteBufferLoop
 0001:0417       SCDefineAGXCursor
 0001:0319       SCDefineHardwareCursor
 0001:02D8       SCDispatch
 0001:04AE       SCDoneLoadingCursor
 0001:03A9       SCLoadSpriteByteLoop
 0001:03A8       SCLoadSpriteLineLoop
 0001:044C       SCLoadSpriteLineLoop_AGX
 0003:0582       ScreenSelector
 0001:01A2       ScreenSwitchHook
 0001:0839       ScrScrBlt
 0001:02D0       SCTestForNullCursor
 0001:04B3       SCTurnOnCursor
 0001:00A9       SelectBitmap
 0001:0BD5       SetAGXPalette
 0001:00CC       SetAttribute
 0001:0280       SetCursor
 0001:0C02       SetPalette
 0001:0040       SetPaletteTranslate
 0001:0B98       SetRAMDAC
 0001:0BFE       SetRAMDAC_far
 0001:0C3C       SP_Exit
 0001:0BB7       SRDLoop
 0001:0BD8       SRDLoop_AGX
 0001:0866       SSBlDetermineDirection
 0001:084B       SSBLeave
 0001:085E       SSBlSetExtents
 0001:084C       SSBlSetFunction
 0001:087D       SSBlSetStartingX
 0001:0896       SSBlSetStartingY
 0001:0C74       StrBlt
 0001:00B8       StretchBlt
 0001:00BD       StretchDIBits
 0002:0108       szSection
 0002:0110       szSystem
 0002:0901       TemplateBankReg
 0001:007C       UpdateColors
 0001:0176       UserRepaintDisable
 0002:0857       ValidateMode
 0003:0023       VDDEntryPoint
 0002:0871       VMDetectXGA
 0002:08E4       VMErrorExit
 0002:08AB       VMGetMemorySize
 0002:08BC       VMGetModeInfo
 0003:001F       wBpp
 0003:0580       wChipId
 0003:0560       wCurrentMode
 0003:0590       wDIBPdevSize
 0003:001D       wDpi
 0003:0584       WindowsEnabledFlag
 0003:0594       wLastValidBpp
 0003:0596       wLastValidMode
 0003:0592       wLastValidRes
 0003:056E       wMaxHeight
 0003:056C       wMaxWidth
 0003:0021       wPalettized
 0003:001B       wResolution
 0003:056A       wScreenHeight
 0003:0568       wScreenWidth
 0003:0570       wScreenWidthBytes
 0002:0900       XGABankSwitchTemplate
 0003:0576       XGAIOBaseAddr
 0003:0558       XGAPixmapBaseAddr
 0003:057C       XGARegs
 0002:02A9       XYtoRes
 0000:0000  Imp  __WinFlags           (KERNEL.178)

  Address         Publics by Value

 0000:0000  Imp  DIB_StretchDIBits    (DIBENG.28)
 0000:0000  Imp  DIB_DibToDevice      (DIBENG.21)
 0000:0000  Imp  DIB_Pixel            (DIBENG.9)
 0000:0000  Imp  DIB_MoveCursorExt    (DIBENG.103)
 0000:0000  Imp  DIB_Output           (DIBENG.8)
 0000:0000  Imp  DIB_GetPaletteTranslateExt (DIBENG.408)
 0000:0000  Imp  GetModuleHandle      (KERNEL.47)
 0000:0000  Imp  DIB_ScanLR           (DIBENG.12)
 0000:0000  Imp  __WinFlags           (KERNEL.178)
 0000:0000  Imp  DIB_EnumObjExt       (DIBENG.402)
 0000:0000  Imp  GetPrivateProfileInt (KERNEL.127)
 0000:0000  Imp  DIB_StretchBlt       (DIBENG.27)
 0000:0000  Imp  DIB_RealizeObjectExt (DIBENG.400)
 0000:0000  Imp  DIB_SetPaletteTranslate (DIBENG.24)
 0000:0000  Imp  DIB_SelectBitmap     (DIBENG.29)
 0000:0000  Imp  DIB_DeviceMode       (DIBENG.13)
 0000:0000  Imp  DIB_BeginAccess      (DIBENG.105)
 0000:0000  Imp  DIB_GetPaletteExt    (DIBENG.406)
 0000:0000  Imp  DIB_Control          (DIBENG.3)
 0000:0000  Imp  DIB_SetCursorExt     (DIBENG.102)
 0000:0000  Imp  FreeSelector         (KERNEL.176)
 0000:0000  Imp  DIB_FastBorder       (DIBENG.17)
 0000:0000  Imp  DIB_ColorInfo        (DIBENG.2)
 0000:0000  Imp  AllocDSToCSAlias     (KERNEL.171)
 0000:0000  Imp  AllocCSToDSAlias     (KERNEL.170)
 0000:0000  Imp  DIB_DeviceBitmap     (DIBENG.16)
 0000:0000  Imp  DIB_ExtTextOutExt    (DIBENG.403)
 0000:0000  Imp  DIB_EndAccess        (DIBENG.106)
 0000:0000  Imp  GetProcAddress       (KERNEL.50)
 0000:0000  Imp  DIB_SetPaletteTranslateExt (DIBENG.407)
 0000:0000  Imp  DIB_Enable           (DIBENG.5)
 0000:0000  Imp  PrestoChangoSelector (KERNEL.177)
 0000:0000  Imp  DIB_GetPaletteTranslate (DIBENG.25)
 0000:0000  Imp  DIB_DibBltExt        (DIBENG.401)
 0000:0000  Imp  KernelsScreenSel     (KERNEL.174)
 0000:0000  Imp  DIB_Inquire          (DIBENG.101)
 0000:0000  Imp  DIB_EnumDFonts       (DIBENG.6)
 0000:0000  Imp  DIB_BitBlt           (DIBENG.1)
 0000:0000  Imp  DIB_SetAttribute     (DIBENG.18)
 0000:0000  Imp  DIB_SetPaletteExt    (DIBENG.405)
 0000:0000  Imp  DIB_ExtTextOut       (DIBENG.14)
 0000:0000  Imp  DIB_UpdateColorsExt  (DIBENG.404)
 0000:0000  Imp  DIB_CheckCursorExt   (DIBENG.104)
 0000:0000  Imp  DIB_CreateDIBitmap   (DIBENG.20)
 0000:0000  Imp  DIB_BitmapBits       (DIBENG.30)
 0000:0000  Imp  DIB_GetCharWidth     (DIBENG.15)
 0000:0000  Imp  AllocSelector        (KERNEL.175)
 0000:0000  Imp  GlobalSmartPageLock  (KERNEL.230)
 0001:0000       ColorInfo
 0001:0005       GetCharWidth
 0001:000A       DibBlt
 0001:001D       DibToDevice
 0001:0022       CreateDIBitmap
 0001:0027       EnumDFonts
 0001:002C       EnumObj
 0001:0040       SetPaletteTranslate
 0001:0054       GetPaletteTranslate
 0001:0068       GetPalette
 0001:007C       UpdateColors
 0001:0090       Pixel
 0001:0095       RealizeObject
 0001:00A9       SelectBitmap
 0001:00AE       BitmapBits
 0001:00B3       ScanLR
 0001:00B8       StretchBlt
 0001:00BD       StretchDIBits
 0001:00C2       DeviceMode
 0001:00C7       DeviceBitmap
 0001:00CC       SetAttribute
 0001:00D1       Output
 0001:00D6       FastBorder
 0001:00DC       Control
 0001:010F       C_CallDibControl
 0001:0123       C_Exit
 0001:012F       C_GetColorTable
 0001:0155       C_MouseTrails
 0001:0176       UserRepaintDisable
 0001:01A2       ScreenSwitchHook
 0001:01DF       DTF_EnableDriver
 0001:01DF       DevToForeground
 0001:01E6       DTF_CallSetMode
 0001:01F4       DTF_RepaintScreen
 0001:020E       DTF_Exit
 0001:020F       DevToBackground
 0001:0227       DisableSwitching
 0001:0232       EnableSwitching
 0001:023E       InkReady
 0001:0251       GetLPDevice
 0001:026A       SaveScreenBitmap
 0001:0280       SetCursor
 0001:02D0       SCTestForNullCursor
 0001:02D8       SCDispatch
 0001:02FC       SCCallDIBEngine
 0001:0319       SCDefineHardwareCursor
 0001:0376       SCClearSpriteBufferLoop
 0001:03A8       SCLoadSpriteLineLoop
 0001:03A9       SCLoadSpriteByteLoop
 0001:0417       SCDefineAGXCursor
 0001:044C       SCLoadSpriteLineLoop_AGX
 0001:04AE       SCDoneLoadingCursor
 0001:04B3       SCTurnOnCursor
 0001:04DA       CheckCursor
 0001:04FB       MoveCursor
 0001:0535       MCMoveHardwareCursor
 0001:0546       MCMoveAGXCursor
 0001:058C       MCMoveXGACursor
 0001:05D1       Inquire
 0001:05E9       BitBlt
 0001:0603       BitBltHW
 0001:0608       BltSpecial_XGA
 0001:069A       BSXDoDSBlt
 0001:06C4       BSXTryBrushBlts
 0001:0719       BSXDoBrushBlt
 0001:0734       BSXCallDIBEngine
 0001:0742       BSXUnexcludeCursor
 0001:0764       BSXDone
 0001:0770       PrepareForBlt
 0001:0796       PFB_InputClipX
 0001:07AC       PFB_InputClipRightEdge
 0001:07B6       PFB_InputClipSaveXExt
 0001:07B9       PFB_InputClipY
 0001:07D2       PFB_InputClipBtmEdge
 0001:07DC       PFB_NullBlt
 0001:07DE       PFB_InputClipSaveYExt
 0001:07E1       PFB_ChkNullBlt
 0001:07E9       PFB_CursorExclusion
 0001:080E       PFB_CursorExcludeY
 0001:0814       PFB_CursorExcludeUnion
 0001:081A       PFB_CursorExcludeNoUnion
 0001:081E       PFB_CursorExcludeDoIt
 0001:0837       PFB_Done
 0001:0839       ScrScrBlt
 0001:084B       SSBLeave
 0001:084C       SSBlSetFunction
 0001:085E       SSBlSetExtents
 0001:0866       SSBlDetermineDirection
 0001:087D       SSBlSetStartingX
 0001:0896       SSBlSetStartingY
 0001:08A4       BrushBlt
 0001:08E9       HBColorPattern
 0001:0909       HBCopyColourBrushLoop
 0001:097B       HBTileBrushLoop
 0001:09B5       HBSetupBrushBLTLoop
 0001:09CD       HBBrushBLTLoop
 0001:0A1B       HBDoneWithColourBrush
 0001:0A21       HBSolid
 0001:0A77       HBMonoPattern
 0001:0A95       HBCopyMonoBrush
 0001:0AC9       HBPerformMonoBrushBLT
 0001:0AE2       HBPBSetMono
 0001:0AF1       HBPBSetColors
 0001:0B07       HBPBSetCoordinates
 0001:0B42       HBExit
 0001:0B44       ResetHiResMode
 0001:0B83       RHR_CallVDD
 0001:0B98       SetRAMDAC
 0001:0BB7       SRDLoop
 0001:0BD5       SetAGXPalette
 0001:0BD8       SRDLoop_AGX
 0001:0BFE       SetRAMDAC_far
 0001:0C02       SetPalette
 0001:0C3C       SP_Exit
 0001:0C4C       GetDriverResourceID
 0001:0C74       StrBlt
 0001:0C7F       ExtTextOut
 0001:0CDC       ETO_SetupForDTB
 0001:0CFB       ETO_CallExtTextOut
 0001:0D00       DrawTextBitmap
 0001:0D47       DTBCopyAGXMonoImage
 0001:0D7C       DTBCopyXGAMonoImage
 0001:0D9A       DTBCoordinateCalcs
 0001:0DE1       DTBSetColours
 0001:0E06       DTBSendCommand
 0001:0E27       DrawORect
 0001:0E96       BeginAccess
 0001:0EEB       EndAccess
 0002:0000       Disable
 0002:004A       HookInt2Fh
 0002:00D0       RestoreInt2Fh
 0002:0108       szSection
 0002:0110       szSystem
 0002:0157       DriverInit
 0002:0193       GetScreenSettings
 0002:026A       GSS_ValidateBpp
 0002:02A9       XYtoRes
 0002:030D       PhysicalEnableFar
 0002:0311       PhysicalEnable
 0002:03A6       PEGetMemSize
 0002:03D6       PEFindMode
 0002:03F4       PESetupHeightVariables
 0002:0405       PESetupHiResMode
 0002:0436       PECheckForAGX14
 0002:0468       PESetMode
 0002:0471       PEHookUpWithVDD
 0002:04C2       PELocateOffScreenMemory
 0002:0558       PESetupXGACoprocessor
 0002:065C       PEFail
 0002:0661       FindMode
 0002:0685       FM640x480
 0002:06C2       FM640x480x16
 0002:0702       FM800x600
 0002:077C       FM1024x768
 0002:07EC       FM1280x1024
 0002:07FA       FM1280x1024x4
 0002:0827       FM1280x960x8
 0002:0854       FMErrorExit
 0002:0857       ValidateMode
 0002:0871       VMDetectXGA
 0002:08AB       VMGetMemorySize
 0002:08BC       VMGetModeInfo
 0002:08E4       VMErrorExit
 0002:0900       XGABankSwitchTemplate
 0002:0901       TemplateBankReg
 0002:0F7E       ReEnable
 0002:0FD2       RE_Exit
 0002:0FE3       RE_Fail
 0002:1010       Enable
 0002:1161       E_CopyColorTable
 0002:1192       E_Install2FHandler
 0002:11A2       E_GetGDIInfo
 0002:1212       E_BPPIs8
 0002:127E       E_BPPLessThan8
 0002:12B6       E_BPPGreaterThan8
 0002:12E0       E_Exit
 0002:12EC       E_ErrorExit
 0003:0008       RepaintAddr
 0003:0011       GetColorAddr
 0003:001A       bReEnable
 0003:001B       wResolution
 0003:001D       wDpi
 0003:001F       wBpp
 0003:0021       wPalettized
 0003:0023       VDDEntryPoint
 0003:0027       OurVMHandle
 0003:002A       lpfnUpdateInking
 0003:002E       fInkAvailable
 0003:002F       lpDeviceForPenWindows
 0003:0034       CursorXPos
 0003:0036       CursorYPos
 0003:0038       CursorShapeSave
 0003:0144       CursorDefinedFlag
 0003:0145       MouseTrailsFlag
 0003:0146       CachePatM
 0003:0148       CachePatD
 0003:014A       LRCached
 0003:054C       OffScreenStartAddr
 0003:0552       CursorStartAddr
 0003:0558       XGAPixmapBaseAddr
 0003:055C       ColorFormatMask
 0003:0560       wCurrentMode
 0003:0562       DeviceFlags
 0003:0564       dwVideoMemorySize
 0003:0568       wScreenWidth
 0003:056A       wScreenHeight
 0003:056C       wMaxWidth
 0003:056E       wMaxHeight
 0003:0570       wScreenWidthBytes
 0003:0572       NbrLinesOffScreen
 0003:0574       OffScreenStartLine
 0003:0576       XGAIOBaseAddr
 0003:0578       MemAccessReg
 0003:057A       CRTCRegisterBase
 0003:057C       XGARegs
 0003:0580       wChipId
 0003:0582       ScreenSelector
 0003:0584       WindowsEnabledFlag
 0003:0585       MemAccessColorValue
 0003:0586       AGXChipID
 0003:0588       lpDriverPDevice
 0003:058C       lpColorTable
 0003:0590       wDIBPdevSize
 0003:0592       wLastValidRes
 0003:0594       wLastValidBpp
 0003:0596       wLastValidMode
 0003:0598       DIBAccessCallFlag

Program entry point at 0002:0157
